0
0
0
0
0
0
1
-1
0
0
0
0
-1
1
0
0
0
0
1
-1
0
0
0
0
-1
1
0
0
0
0
2
-2
0
0
0
0
-2
2
0
0
0
0
3
-3
0
0
0
0
-3
3
0
0
0
0
39
-39
0
0
0
0
-39
39
0
0
0
0
21844
-21844
0
0
0
0
-21844
21844
0
0
0
0
21856
-21856
1
-1
0
0
-21856
21856
-1
1
0
0
715827882
-715827882
32767
-32767
1
-1
-715827882
715827882
-32767
32767
-1
1
0